#-----------------------------------------------------------
# Vivado v2020.2.2 (64-bit)
# SW Build 3118627 on Tue Feb  9 05:14:06 MST 2021
# IP Build 3115676 on Tue Feb  9 10:48:11 MST 2021
# Start of session at: Sat Oct  9 18:53:46 2021
# Process ID: 21336
# Current directory: E:/Github_repository/COMP3601/VHDL Work/Shi Tong Yuan
# Command line: vivado.exe -gui_launcher_event rodinguilauncherevent23380 E:\Github_repository\COMP3601\VHDL Work\Shi Tong Yuan\Shi Tong Yuan.xpr
# Log file: E:/Github_repository/COMP3601/VHDL Work/Shi Tong Yuan/vivado.log
# Journal file: E:/Github_repository/COMP3601/VHDL Work/Shi Tong Yuan\vivado.jou
#-----------------------------------------------------------
start_gui
open_project {E:/Github_repository/COMP3601/VHDL Work/Shi Tong Yuan/Shi Tong Yuan.xpr}
update_compile_order -fileset sources_1
launch_simulation
open_wave_config {E:/Github_repository/COMP3601/VHDL Work/Shi Tong Yuan/Processor_TB_behav 10-07.wcfg}
source Processor_TB.tcl
close_sim
launch_simulation
open_wave_config {E:/Github_repository/COMP3601/VHDL Work/Shi Tong Yuan/Processor_TB_behav 10-07.wcfg}
source Processor_TB.tcl
close_sim
