Copyright 1986-2021 Xilinx, Inc. All Rights Reserved.
--------------------------------------------------------------------------------------------------------------------------------------------------------------------------------------------------
| Tool Version : Vivado v.2021.1 (win64) Build 3247384 Thu Jun 10 19:36:33 MDT 2021
| Date         : Thu Nov 18 20:09:32 2021
| Host         : GamingPC running 64-bit major release  (build 9200)
| Command      : report_timing_summary -max_paths 10 -file Processor_timing_summary_routed.rpt -pb Processor_timing_summary_routed.pb -rpx Processor_timing_summary_routed.rpx -warn_on_violation
| Design       : Processor
| Device       : 7k480t-ffv1156
| Speed File   : -1  PRODUCTION 1.12 2017-02-17
--------------------------------------------------------------------------------------------------------------------------------------------------------------------------------------------------

Timing Summary Report

------------------------------------------------------------------------------------------------
| Timer Settings
| --------------
------------------------------------------------------------------------------------------------

  Enable Multi Corner Analysis               :  Yes
  Enable Pessimism Removal                   :  Yes
  Pessimism Removal Resolution               :  Nearest Common Node
  Enable Input Delay Default Clock           :  No
  Enable Preset / Clear Arcs                 :  No
  Disable Flight Delays                      :  No
  Ignore I/O Paths                           :  No
  Timing Early Launch at Borrowing Latches   :  No
  Borrow Time for Max Delay Exceptions       :  Yes
  Merge Timing Exceptions                    :  Yes

  Corner  Analyze    Analyze    
  Name    Max Paths  Min Paths  
  ------  ---------  ---------  
  Slow    Yes        Yes        
  Fast    Yes        Yes        


------------------------------------------------------------------------------------------------
| Report Methodology
| ------------------
------------------------------------------------------------------------------------------------

Rule       Severity          Description                   Violations  
---------  ----------------  ----------------------------  ----------  
TIMING-17  Critical Warning  Non-clocked sequential cell   676         
DPIR-1     Warning           Asynchronous driver check     160         
LUTAR-1    Warning           LUT drives async reset alert  325         
SYNTH-10   Warning           Wide multiplier               12          
TIMING-20  Warning           Non-clocked latch             169         

Note: This report is based on the most recent report_methodology run and may not be up-to-date. Run report_methodology on the current design for the latest report.



check_timing report

Table of Contents
-----------------
1. checking no_clock (8068)
2. checking constant_clock (0)
3. checking pulse_width_clock (0)
4. checking unconstrained_internal_endpoints (1967)
5. checking no_input_delay (2)
6. checking no_output_delay (29)
7. checking multiple_clock (0)
8. checking generated_clocks (0)
9. checking loops (0)
10. checking partial_input_delay (0)
11. checking partial_output_delay (0)
12. checking latch_loops (2)

1. checking no_clock (8068)
---------------------------
 There are 676 register/latch pins with no clock driven by root clock pin: clk (HIGH)

 There are 100 register/latch pins with no clock driven by root clock pin: txt_input (HIGH)

 There are 32 register/latch pins with no clock driven by root clock pin: col[0]_C/Q (HIGH)

 There are 31 register/latch pins with no clock driven by root clock pin: col[0]_LDC/Q (HIGH)

 There are 32 register/latch pins with no clock driven by root clock pin: col[0]_P/Q (HIGH)

 There are 21 register/latch pins with no clock driven by root clock pin: col[10]_C/Q (HIGH)

 There are 21 register/latch pins with no clock driven by root clock pin: col[10]_LDC/Q (HIGH)

 There are 21 register/latch pins with no clock driven by root clock pin: col[10]_P/Q (HIGH)

 There are 20 register/latch pins with no clock driven by root clock pin: col[11]_C/Q (HIGH)

 There are 20 register/latch pins with no clock driven by root clock pin: col[11]_LDC/Q (HIGH)

 There are 20 register/latch pins with no clock driven by root clock pin: col[11]_P/Q (HIGH)

 There are 19 register/latch pins with no clock driven by root clock pin: col[12]_C/Q (HIGH)

 There are 19 register/latch pins with no clock driven by root clock pin: col[12]_LDC/Q (HIGH)

 There are 19 register/latch pins with no clock driven by root clock pin: col[12]_P/Q (HIGH)

 There are 18 register/latch pins with no clock driven by root clock pin: col[13]_C/Q (HIGH)

 There are 18 register/latch pins with no clock driven by root clock pin: col[13]_LDC/Q (HIGH)

 There are 18 register/latch pins with no clock driven by root clock pin: col[13]_P/Q (HIGH)

 There are 17 register/latch pins with no clock driven by root clock pin: col[14]_C/Q (HIGH)

 There are 17 register/latch pins with no clock driven by root clock pin: col[14]_LDC/Q (HIGH)

 There are 17 register/latch pins with no clock driven by root clock pin: col[14]_P/Q (HIGH)

 There are 16 register/latch pins with no clock driven by root clock pin: col[15]_C/Q (HIGH)

 There are 16 register/latch pins with no clock driven by root clock pin: col[15]_LDC/Q (HIGH)

 There are 16 register/latch pins with no clock driven by root clock pin: col[15]_P/Q (HIGH)

 There are 15 register/latch pins with no clock driven by root clock pin: col[16]_C/Q (HIGH)

 There are 15 register/latch pins with no clock driven by root clock pin: col[16]_LDC/Q (HIGH)

 There are 15 register/latch pins with no clock driven by root clock pin: col[16]_P/Q (HIGH)

 There are 14 register/latch pins with no clock driven by root clock pin: col[17]_C/Q (HIGH)

 There are 14 register/latch pins with no clock driven by root clock pin: col[17]_LDC/Q (HIGH)

 There are 14 register/latch pins with no clock driven by root clock pin: col[17]_P/Q (HIGH)

 There are 13 register/latch pins with no clock driven by root clock pin: col[18]_C/Q (HIGH)

 There are 13 register/latch pins with no clock driven by root clock pin: col[18]_LDC/Q (HIGH)

 There are 13 register/latch pins with no clock driven by root clock pin: col[18]_P/Q (HIGH)

 There are 12 register/latch pins with no clock driven by root clock pin: col[19]_C/Q (HIGH)

 There are 12 register/latch pins with no clock driven by root clock pin: col[19]_LDC/Q (HIGH)

 There are 12 register/latch pins with no clock driven by root clock pin: col[19]_P/Q (HIGH)

 There are 30 register/latch pins with no clock driven by root clock pin: col[1]_C/Q (HIGH)

 There are 30 register/latch pins with no clock driven by root clock pin: col[1]_LDC/Q (HIGH)

 There are 30 register/latch pins with no clock driven by root clock pin: col[1]_P/Q (HIGH)

 There are 11 register/latch pins with no clock driven by root clock pin: col[20]_C/Q (HIGH)

 There are 11 register/latch pins with no clock driven by root clock pin: col[20]_LDC/Q (HIGH)

 There are 11 register/latch pins with no clock driven by root clock pin: col[20]_P/Q (HIGH)

 There are 10 register/latch pins with no clock driven by root clock pin: col[21]_C/Q (HIGH)

 There are 10 register/latch pins with no clock driven by root clock pin: col[21]_LDC/Q (HIGH)

 There are 10 register/latch pins with no clock driven by root clock pin: col[21]_P/Q (HIGH)

 There are 9 register/latch pins with no clock driven by root clock pin: col[22]_C/Q (HIGH)

 There are 9 register/latch pins with no clock driven by root clock pin: col[22]_LDC/Q (HIGH)

 There are 9 register/latch pins with no clock driven by root clock pin: col[22]_P/Q (HIGH)

 There are 8 register/latch pins with no clock driven by root clock pin: col[23]_C/Q (HIGH)

 There are 8 register/latch pins with no clock driven by root clock pin: col[23]_LDC/Q (HIGH)

 There are 8 register/latch pins with no clock driven by root clock pin: col[23]_P/Q (HIGH)

 There are 7 register/latch pins with no clock driven by root clock pin: col[24]_C/Q (HIGH)

 There are 7 register/latch pins with no clock driven by root clock pin: col[24]_LDC/Q (HIGH)

 There are 7 register/latch pins with no clock driven by root clock pin: col[24]_P/Q (HIGH)

 There are 6 register/latch pins with no clock driven by root clock pin: col[25]_C/Q (HIGH)

 There are 6 register/latch pins with no clock driven by root clock pin: col[25]_LDC/Q (HIGH)

 There are 6 register/latch pins with no clock driven by root clock pin: col[25]_P/Q (HIGH)

 There are 5 register/latch pins with no clock driven by root clock pin: col[26]_C/Q (HIGH)

 There are 5 register/latch pins with no clock driven by root clock pin: col[26]_LDC/Q (HIGH)

 There are 5 register/latch pins with no clock driven by root clock pin: col[26]_P/Q (HIGH)

 There are 4 register/latch pins with no clock driven by root clock pin: col[27]_C/Q (HIGH)

 There are 4 register/latch pins with no clock driven by root clock pin: col[27]_LDC/Q (HIGH)

 There are 4 register/latch pins with no clock driven by root clock pin: col[27]_P/Q (HIGH)

 There are 3 register/latch pins with no clock driven by root clock pin: col[28]_C/Q (HIGH)

 There are 3 register/latch pins with no clock driven by root clock pin: col[28]_LDC/Q (HIGH)

 There are 3 register/latch pins with no clock driven by root clock pin: col[28]_P/Q (HIGH)

 There are 2 register/latch pins with no clock driven by root clock pin: col[29]_C/Q (HIGH)

 There are 2 register/latch pins with no clock driven by root clock pin: col[29]_LDC/Q (HIGH)

 There are 2 register/latch pins with no clock driven by root clock pin: col[29]_P/Q (HIGH)

 There are 29 register/latch pins with no clock driven by root clock pin: col[2]_C/Q (HIGH)

 There are 29 register/latch pins with no clock driven by root clock pin: col[2]_LDC/Q (HIGH)

 There are 29 register/latch pins with no clock driven by root clock pin: col[2]_P/Q (HIGH)

 There is 1 register/latch pin with no clock driven by root clock pin: col[30]_C/Q (HIGH)

 There is 1 register/latch pin with no clock driven by root clock pin: col[30]_LDC/Q (HIGH)

 There is 1 register/latch pin with no clock driven by root clock pin: col[30]_P/Q (HIGH)

 There are 28 register/latch pins with no clock driven by root clock pin: col[3]_C/Q (HIGH)

 There are 28 register/latch pins with no clock driven by root clock pin: col[3]_LDC/Q (HIGH)

 There are 28 register/latch pins with no clock driven by root clock pin: col[3]_P/Q (HIGH)

 There are 27 register/latch pins with no clock driven by root clock pin: col[4]_C/Q (HIGH)

 There are 27 register/latch pins with no clock driven by root clock pin: col[4]_LDC/Q (HIGH)

 There are 27 register/latch pins with no clock driven by root clock pin: col[4]_P/Q (HIGH)

 There are 26 register/latch pins with no clock driven by root clock pin: col[5]_C/Q (HIGH)

 There are 26 register/latch pins with no clock driven by root clock pin: col[5]_LDC/Q (HIGH)

 There are 26 register/latch pins with no clock driven by root clock pin: col[5]_P/Q (HIGH)

 There are 25 register/latch pins with no clock driven by root clock pin: col[6]_C/Q (HIGH)

 There are 25 register/latch pins with no clock driven by root clock pin: col[6]_LDC/Q (HIGH)

 There are 25 register/latch pins with no clock driven by root clock pin: col[6]_P/Q (HIGH)

 There are 24 register/latch pins with no clock driven by root clock pin: col[7]_C/Q (HIGH)

 There are 24 register/latch pins with no clock driven by root clock pin: col[7]_LDC/Q (HIGH)

 There are 24 register/latch pins with no clock driven by root clock pin: col[7]_P/Q (HIGH)

 There are 37 register/latch pins with no clock driven by root clock pin: col[8]_C/Q (HIGH)

 There are 23 register/latch pins with no clock driven by root clock pin: col[8]_LDC/Q (HIGH)

 There are 37 register/latch pins with no clock driven by root clock pin: col[8]_P/Q (HIGH)

 There are 37 register/latch pins with no clock driven by root clock pin: col[9]_C/Q (HIGH)

 There are 22 register/latch pins with no clock driven by root clock pin: col[9]_LDC/Q (HIGH)

 There are 37 register/latch pins with no clock driven by root clock pin: col[9]_P/Q (HIGH)

 There are 23 register/latch pins with no clock driven by root clock pin: decryption.i_reg[0]_C/Q (HIGH)

 There are 22 register/latch pins with no clock driven by root clock pin: decryption.i_reg[0]_LDC/Q (HIGH)

 There are 21 register/latch pins with no clock driven by root clock pin: decryption.i_reg[10]_LDC/Q (HIGH)

 There are 21 register/latch pins with no clock driven by root clock pin: decryption.i_reg[10]_P/Q (HIGH)

 There are 20 register/latch pins with no clock driven by root clock pin: decryption.i_reg[11]_LDC/Q (HIGH)

 There are 20 register/latch pins with no clock driven by root clock pin: decryption.i_reg[11]_P/Q (HIGH)

 There are 19 register/latch pins with no clock driven by root clock pin: decryption.i_reg[12]_LDC/Q (HIGH)

 There are 19 register/latch pins with no clock driven by root clock pin: decryption.i_reg[12]_P/Q (HIGH)

 There are 18 register/latch pins with no clock driven by root clock pin: decryption.i_reg[13]_LDC/Q (HIGH)

 There are 18 register/latch pins with no clock driven by root clock pin: decryption.i_reg[13]_P/Q (HIGH)

 There are 17 register/latch pins with no clock driven by root clock pin: decryption.i_reg[14]_LDC/Q (HIGH)

 There are 17 register/latch pins with no clock driven by root clock pin: decryption.i_reg[14]_P/Q (HIGH)

 There are 16 register/latch pins with no clock driven by root clock pin: decryption.i_reg[15]_LDC/Q (HIGH)

 There are 16 register/latch pins with no clock driven by root clock pin: decryption.i_reg[15]_P/Q (HIGH)

 There are 15 register/latch pins with no clock driven by root clock pin: decryption.i_reg[16]_LDC/Q (HIGH)

 There are 15 register/latch pins with no clock driven by root clock pin: decryption.i_reg[16]_P/Q (HIGH)

 There are 14 register/latch pins with no clock driven by root clock pin: decryption.i_reg[17]_LDC/Q (HIGH)

 There are 14 register/latch pins with no clock driven by root clock pin: decryption.i_reg[17]_P/Q (HIGH)

 There are 13 register/latch pins with no clock driven by root clock pin: decryption.i_reg[18]_LDC/Q (HIGH)

 There are 13 register/latch pins with no clock driven by root clock pin: decryption.i_reg[18]_P/Q (HIGH)

 There are 12 register/latch pins with no clock driven by root clock pin: decryption.i_reg[19]_LDC/Q (HIGH)

 There are 12 register/latch pins with no clock driven by root clock pin: decryption.i_reg[19]_P/Q (HIGH)

 There are 22 register/latch pins with no clock driven by root clock pin: decryption.i_reg[1]_LDC/Q (HIGH)

 There are 22 register/latch pins with no clock driven by root clock pin: decryption.i_reg[1]_P/Q (HIGH)

 There are 11 register/latch pins with no clock driven by root clock pin: decryption.i_reg[20]_LDC/Q (HIGH)

 There are 11 register/latch pins with no clock driven by root clock pin: decryption.i_reg[20]_P/Q (HIGH)

 There are 10 register/latch pins with no clock driven by root clock pin: decryption.i_reg[21]_LDC/Q (HIGH)

 There are 10 register/latch pins with no clock driven by root clock pin: decryption.i_reg[21]_P/Q (HIGH)

 There are 9 register/latch pins with no clock driven by root clock pin: decryption.i_reg[22]_LDC/Q (HIGH)

 There are 9 register/latch pins with no clock driven by root clock pin: decryption.i_reg[22]_P/Q (HIGH)

 There are 8 register/latch pins with no clock driven by root clock pin: decryption.i_reg[23]_LDC/Q (HIGH)

 There are 8 register/latch pins with no clock driven by root clock pin: decryption.i_reg[23]_P/Q (HIGH)

 There are 7 register/latch pins with no clock driven by root clock pin: decryption.i_reg[24]_LDC/Q (HIGH)

 There are 7 register/latch pins with no clock driven by root clock pin: decryption.i_reg[24]_P/Q (HIGH)

 There are 6 register/latch pins with no clock driven by root clock pin: decryption.i_reg[25]_LDC/Q (HIGH)

 There are 6 register/latch pins with no clock driven by root clock pin: decryption.i_reg[25]_P/Q (HIGH)

 There are 5 register/latch pins with no clock driven by root clock pin: decryption.i_reg[26]_LDC/Q (HIGH)

 There are 5 register/latch pins with no clock driven by root clock pin: decryption.i_reg[26]_P/Q (HIGH)

 There are 4 register/latch pins with no clock driven by root clock pin: decryption.i_reg[27]_LDC/Q (HIGH)

 There are 4 register/latch pins with no clock driven by root clock pin: decryption.i_reg[27]_P/Q (HIGH)

 There are 3 register/latch pins with no clock driven by root clock pin: decryption.i_reg[28]_LDC/Q (HIGH)

 There are 3 register/latch pins with no clock driven by root clock pin: decryption.i_reg[28]_P/Q (HIGH)

 There are 2 register/latch pins with no clock driven by root clock pin: decryption.i_reg[29]_LDC/Q (HIGH)

 There are 2 register/latch pins with no clock driven by root clock pin: decryption.i_reg[29]_P/Q (HIGH)

 There are 22 register/latch pins with no clock driven by root clock pin: decryption.i_reg[2]_LDC/Q (HIGH)

 There are 22 register/latch pins with no clock driven by root clock pin: decryption.i_reg[2]_P/Q (HIGH)

 There is 1 register/latch pin with no clock driven by root clock pin: decryption.i_reg[30]_LDC/Q (HIGH)

 There is 1 register/latch pin with no clock driven by root clock pin: decryption.i_reg[30]_P/Q (HIGH)

 There are 22 register/latch pins with no clock driven by root clock pin: decryption.i_reg[3]_LDC/Q (HIGH)

 There are 22 register/latch pins with no clock driven by root clock pin: decryption.i_reg[3]_P/Q (HIGH)

 There are 22 register/latch pins with no clock driven by root clock pin: decryption.i_reg[4]_LDC/Q (HIGH)

 There are 22 register/latch pins with no clock driven by root clock pin: decryption.i_reg[4]_P/Q (HIGH)

 There are 22 register/latch pins with no clock driven by root clock pin: decryption.i_reg[5]_LDC/Q (HIGH)

 There are 22 register/latch pins with no clock driven by root clock pin: decryption.i_reg[5]_P/Q (HIGH)

 There are 22 register/latch pins with no clock driven by root clock pin: decryption.i_reg[6]_LDC/Q (HIGH)

 There are 22 register/latch pins with no clock driven by root clock pin: decryption.i_reg[6]_P/Q (HIGH)

 There are 22 register/latch pins with no clock driven by root clock pin: decryption.i_reg[7]_LDC/Q (HIGH)

 There are 22 register/latch pins with no clock driven by root clock pin: decryption.i_reg[7]_P/Q (HIGH)

 There are 22 register/latch pins with no clock driven by root clock pin: decryption.i_reg[8]_LDC/Q (HIGH)

 There are 31 register/latch pins with no clock driven by root clock pin: decryption.i_reg[8]_P/Q (HIGH)

 There are 31 register/latch pins with no clock driven by root clock pin: decryption.i_reg[9]_LDC/Q (HIGH)

 There are 31 register/latch pins with no clock driven by root clock pin: decryption.i_reg[9]_P/Q (HIGH)

 There are 4 register/latch pins with no clock driven by root clock pin: generate_Matrix_S_FILE/sig_S_out_reg[5]/Q (HIGH)

 There is 1 register/latch pin with no clock driven by root clock pin: generate_Matrix_S_LFSR/random_number/run_reg/Q (HIGH)

 There are 23 register/latch pins with no clock driven by root clock pin: row[0]_C/Q (HIGH)

 There are 22 register/latch pins with no clock driven by root clock pin: row[0]_LDC/Q (HIGH)

 There are 23 register/latch pins with no clock driven by root clock pin: row[0]_P/Q (HIGH)

 There are 21 register/latch pins with no clock driven by root clock pin: row[10]_C/Q (HIGH)

 There are 21 register/latch pins with no clock driven by root clock pin: row[10]_LDC/Q (HIGH)

 There are 21 register/latch pins with no clock driven by root clock pin: row[10]_P/Q (HIGH)

 There are 20 register/latch pins with no clock driven by root clock pin: row[11]_C/Q (HIGH)

 There are 20 register/latch pins with no clock driven by root clock pin: row[11]_LDC/Q (HIGH)

 There are 20 register/latch pins with no clock driven by root clock pin: row[11]_P/Q (HIGH)

 There are 19 register/latch pins with no clock driven by root clock pin: row[12]_C/Q (HIGH)

 There are 19 register/latch pins with no clock driven by root clock pin: row[12]_LDC/Q (HIGH)

 There are 19 register/latch pins with no clock driven by root clock pin: row[12]_P/Q (HIGH)

 There are 18 register/latch pins with no clock driven by root clock pin: row[13]_C/Q (HIGH)

 There are 18 register/latch pins with no clock driven by root clock pin: row[13]_LDC/Q (HIGH)

 There are 18 register/latch pins with no clock driven by root clock pin: row[13]_P/Q (HIGH)

 There are 17 register/latch pins with no clock driven by root clock pin: row[14]_C/Q (HIGH)

 There are 17 register/latch pins with no clock driven by root clock pin: row[14]_LDC/Q (HIGH)

 There are 17 register/latch pins with no clock driven by root clock pin: row[14]_P/Q (HIGH)

 There are 16 register/latch pins with no clock driven by root clock pin: row[15]_C/Q (HIGH)

 There are 16 register/latch pins with no clock driven by root clock pin: row[15]_LDC/Q (HIGH)

 There are 16 register/latch pins with no clock driven by root clock pin: row[15]_P/Q (HIGH)

 There are 15 register/latch pins with no clock driven by root clock pin: row[16]_C/Q (HIGH)

 There are 15 register/latch pins with no clock driven by root clock pin: row[16]_LDC/Q (HIGH)

 There are 15 register/latch pins with no clock driven by root clock pin: row[16]_P/Q (HIGH)

 There are 14 register/latch pins with no clock driven by root clock pin: row[17]_C/Q (HIGH)

 There are 14 register/latch pins with no clock driven by root clock pin: row[17]_LDC/Q (HIGH)

 There are 14 register/latch pins with no clock driven by root clock pin: row[17]_P/Q (HIGH)

 There are 13 register/latch pins with no clock driven by root clock pin: row[18]_C/Q (HIGH)

 There are 13 register/latch pins with no clock driven by root clock pin: row[18]_LDC/Q (HIGH)

 There are 13 register/latch pins with no clock driven by root clock pin: row[18]_P/Q (HIGH)

 There are 12 register/latch pins with no clock driven by root clock pin: row[19]_C/Q (HIGH)

 There are 12 register/latch pins with no clock driven by root clock pin: row[19]_LDC/Q (HIGH)

 There are 12 register/latch pins with no clock driven by root clock pin: row[19]_P/Q (HIGH)

 There are 22 register/latch pins with no clock driven by root clock pin: row[1]_C/Q (HIGH)

 There are 22 register/latch pins with no clock driven by root clock pin: row[1]_LDC/Q (HIGH)

 There are 22 register/latch pins with no clock driven by root clock pin: row[1]_P/Q (HIGH)

 There are 11 register/latch pins with no clock driven by root clock pin: row[20]_C/Q (HIGH)

 There are 11 register/latch pins with no clock driven by root clock pin: row[20]_LDC/Q (HIGH)

 There are 11 register/latch pins with no clock driven by root clock pin: row[20]_P/Q (HIGH)

 There are 10 register/latch pins with no clock driven by root clock pin: row[21]_C/Q (HIGH)

 There are 10 register/latch pins with no clock driven by root clock pin: row[21]_LDC/Q (HIGH)

 There are 10 register/latch pins with no clock driven by root clock pin: row[21]_P/Q (HIGH)

 There are 9 register/latch pins with no clock driven by root clock pin: row[22]_C/Q (HIGH)

 There are 9 register/latch pins with no clock driven by root clock pin: row[22]_LDC/Q (HIGH)

 There are 9 register/latch pins with no clock driven by root clock pin: row[22]_P/Q (HIGH)

 There are 8 register/latch pins with no clock driven by root clock pin: row[23]_C/Q (HIGH)

 There are 8 register/latch pins with no clock driven by root clock pin: row[23]_LDC/Q (HIGH)

 There are 8 register/latch pins with no clock driven by root clock pin: row[23]_P/Q (HIGH)

 There are 7 register/latch pins with no clock driven by root clock pin: row[24]_C/Q (HIGH)

 There are 7 register/latch pins with no clock driven by root clock pin: row[24]_LDC/Q (HIGH)

 There are 7 register/latch pins with no clock driven by root clock pin: row[24]_P/Q (HIGH)

 There are 6 register/latch pins with no clock driven by root clock pin: row[25]_C/Q (HIGH)

 There are 6 register/latch pins with no clock driven by root clock pin: row[25]_LDC/Q (HIGH)

 There are 6 register/latch pins with no clock driven by root clock pin: row[25]_P/Q (HIGH)

 There are 5 register/latch pins with no clock driven by root clock pin: row[26]_C/Q (HIGH)

 There are 5 register/latch pins with no clock driven by root clock pin: row[26]_LDC/Q (HIGH)

 There are 5 register/latch pins with no clock driven by root clock pin: row[26]_P/Q (HIGH)

 There are 4 register/latch pins with no clock driven by root clock pin: row[27]_C/Q (HIGH)

 There are 4 register/latch pins with no clock driven by root clock pin: row[27]_LDC/Q (HIGH)

 There are 4 register/latch pins with no clock driven by root clock pin: row[27]_P/Q (HIGH)

 There are 3 register/latch pins with no clock driven by root clock pin: row[28]_C/Q (HIGH)

 There are 3 register/latch pins with no clock driven by root clock pin: row[28]_LDC/Q (HIGH)

 There are 3 register/latch pins with no clock driven by root clock pin: row[28]_P/Q (HIGH)

 There are 2 register/latch pins with no clock driven by root clock pin: row[29]_C/Q (HIGH)

 There are 2 register/latch pins with no clock driven by root clock pin: row[29]_LDC/Q (HIGH)

 There are 2 register/latch pins with no clock driven by root clock pin: row[29]_P/Q (HIGH)

 There are 22 register/latch pins with no clock driven by root clock pin: row[2]_C/Q (HIGH)

 There are 22 register/latch pins with no clock driven by root clock pin: row[2]_LDC/Q (HIGH)

 There are 22 register/latch pins with no clock driven by root clock pin: row[2]_P/Q (HIGH)

 There is 1 register/latch pin with no clock driven by root clock pin: row[30]_C/Q (HIGH)

 There is 1 register/latch pin with no clock driven by root clock pin: row[30]_LDC/Q (HIGH)

 There is 1 register/latch pin with no clock driven by root clock pin: row[30]_P/Q (HIGH)

 There are 22 register/latch pins with no clock driven by root clock pin: row[3]_C/Q (HIGH)

 There are 22 register/latch pins with no clock driven by root clock pin: row[3]_LDC/Q (HIGH)

 There are 22 register/latch pins with no clock driven by root clock pin: row[3]_P/Q (HIGH)

 There are 22 register/latch pins with no clock driven by root clock pin: row[4]_C/Q (HIGH)

 There are 22 register/latch pins with no clock driven by root clock pin: row[4]_LDC/Q (HIGH)

 There are 22 register/latch pins with no clock driven by root clock pin: row[4]_P/Q (HIGH)

 There are 22 register/latch pins with no clock driven by root clock pin: row[5]_C/Q (HIGH)

 There are 22 register/latch pins with no clock driven by root clock pin: row[5]_LDC/Q (HIGH)

 There are 22 register/latch pins with no clock driven by root clock pin: row[5]_P/Q (HIGH)

 There are 22 register/latch pins with no clock driven by root clock pin: row[6]_C/Q (HIGH)

 There are 22 register/latch pins with no clock driven by root clock pin: row[6]_LDC/Q (HIGH)

 There are 22 register/latch pins with no clock driven by root clock pin: row[6]_P/Q (HIGH)

 There are 22 register/latch pins with no clock driven by root clock pin: row[7]_C/Q (HIGH)

 There are 22 register/latch pins with no clock driven by root clock pin: row[7]_LDC/Q (HIGH)

 There are 22 register/latch pins with no clock driven by root clock pin: row[7]_P/Q (HIGH)

 There are 33 register/latch pins with no clock driven by root clock pin: row[8]_C/Q (HIGH)

 There are 22 register/latch pins with no clock driven by root clock pin: row[8]_LDC/Q (HIGH)

 There are 33 register/latch pins with no clock driven by root clock pin: row[8]_P/Q (HIGH)

 There are 33 register/latch pins with no clock driven by root clock pin: row[9]_C/Q (HIGH)

 There are 22 register/latch pins with no clock driven by root clock pin: row[9]_LDC/Q (HIGH)

 There are 33 register/latch pins with no clock driven by root clock pin: row[9]_P/Q (HIGH)

 There are 33 register/latch pins with no clock driven by root clock pin: sig_is_A_generated_reg/Q (HIGH)

 There are 32 register/latch pins with no clock driven by root clock pin: sig_is_B_generated_reg/Q (HIGH)

 There are 33 register/latch pins with no clock driven by root clock pin: sig_is_E_generated_reg/Q (HIGH)

 There are 33 register/latch pins with no clock driven by root clock pin: sig_is_S_generated_reg/Q (HIGH)

 There are 32 register/latch pins with no clock driven by root clock pin: sig_is_UV_generated_reg/Q (HIGH)

 There are 32 register/latch pins with no clock driven by root clock pin: store_A.row_reg[0]_C/Q (HIGH)

 There are 31 register/latch pins with no clock driven by root clock pin: store_A.row_reg[0]_LDC/Q (HIGH)

 There are 32 register/latch pins with no clock driven by root clock pin: store_A.row_reg[0]_P/Q (HIGH)

 There are 21 register/latch pins with no clock driven by root clock pin: store_A.row_reg[10]_C/Q (HIGH)

 There are 21 register/latch pins with no clock driven by root clock pin: store_A.row_reg[10]_LDC/Q (HIGH)

 There are 21 register/latch pins with no clock driven by root clock pin: store_A.row_reg[10]_P/Q (HIGH)

 There are 20 register/latch pins with no clock driven by root clock pin: store_A.row_reg[11]_C/Q (HIGH)

 There are 20 register/latch pins with no clock driven by root clock pin: store_A.row_reg[11]_LDC/Q (HIGH)

 There are 20 register/latch pins with no clock driven by root clock pin: store_A.row_reg[11]_P/Q (HIGH)

 There are 19 register/latch pins with no clock driven by root clock pin: store_A.row_reg[12]_C/Q (HIGH)

 There are 19 register/latch pins with no clock driven by root clock pin: store_A.row_reg[12]_LDC/Q (HIGH)

 There are 19 register/latch pins with no clock driven by root clock pin: store_A.row_reg[12]_P/Q (HIGH)

 There are 18 register/latch pins with no clock driven by root clock pin: store_A.row_reg[13]_C/Q (HIGH)

 There are 18 register/latch pins with no clock driven by root clock pin: store_A.row_reg[13]_LDC/Q (HIGH)

 There are 18 register/latch pins with no clock driven by root clock pin: store_A.row_reg[13]_P/Q (HIGH)

 There are 17 register/latch pins with no clock driven by root clock pin: store_A.row_reg[14]_C/Q (HIGH)

 There are 17 register/latch pins with no clock driven by root clock pin: store_A.row_reg[14]_LDC/Q (HIGH)

 There are 17 register/latch pins with no clock driven by root clock pin: store_A.row_reg[14]_P/Q (HIGH)

 There are 16 register/latch pins with no clock driven by root clock pin: store_A.row_reg[15]_C/Q (HIGH)

 There are 16 register/latch pins with no clock driven by root clock pin: store_A.row_reg[15]_LDC/Q (HIGH)

 There are 16 register/latch pins with no clock driven by root clock pin: store_A.row_reg[15]_P/Q (HIGH)

 There are 15 register/latch pins with no clock driven by root clock pin: store_A.row_reg[16]_C/Q (HIGH)

 There are 15 register/latch pins with no clock driven by root clock pin: store_A.row_reg[16]_LDC/Q (HIGH)

 There are 15 register/latch pins with no clock driven by root clock pin: store_A.row_reg[16]_P/Q (HIGH)

 There are 14 register/latch pins with no clock driven by root clock pin: store_A.row_reg[17]_C/Q (HIGH)

 There are 14 register/latch pins with no clock driven by root clock pin: store_A.row_reg[17]_LDC/Q (HIGH)

 There are 14 register/latch pins with no clock driven by root clock pin: store_A.row_reg[17]_P/Q (HIGH)

 There are 13 register/latch pins with no clock driven by root clock pin: store_A.row_reg[18]_C/Q (HIGH)

 There are 13 register/latch pins with no clock driven by root clock pin: store_A.row_reg[18]_LDC/Q (HIGH)

 There are 13 register/latch pins with no clock driven by root clock pin: store_A.row_reg[18]_P/Q (HIGH)

 There are 12 register/latch pins with no clock driven by root clock pin: store_A.row_reg[19]_C/Q (HIGH)

 There are 12 register/latch pins with no clock driven by root clock pin: store_A.row_reg[19]_LDC/Q (HIGH)

 There are 12 register/latch pins with no clock driven by root clock pin: store_A.row_reg[19]_P/Q (HIGH)

 There are 30 register/latch pins with no clock driven by root clock pin: store_A.row_reg[1]_C/Q (HIGH)

 There are 30 register/latch pins with no clock driven by root clock pin: store_A.row_reg[1]_LDC/Q (HIGH)

 There are 30 register/latch pins with no clock driven by root clock pin: store_A.row_reg[1]_P/Q (HIGH)

 There are 11 register/latch pins with no clock driven by root clock pin: store_A.row_reg[20]_C/Q (HIGH)

 There are 11 register/latch pins with no clock driven by root clock pin: store_A.row_reg[20]_LDC/Q (HIGH)

 There are 11 register/latch pins with no clock driven by root clock pin: store_A.row_reg[20]_P/Q (HIGH)

 There are 10 register/latch pins with no clock driven by root clock pin: store_A.row_reg[21]_C/Q (HIGH)

 There are 10 register/latch pins with no clock driven by root clock pin: store_A.row_reg[21]_LDC/Q (HIGH)

 There are 10 register/latch pins with no clock driven by root clock pin: store_A.row_reg[21]_P/Q (HIGH)

 There are 9 register/latch pins with no clock driven by root clock pin: store_A.row_reg[22]_C/Q (HIGH)

 There are 9 register/latch pins with no clock driven by root clock pin: store_A.row_reg[22]_LDC/Q (HIGH)

 There are 9 register/latch pins with no clock driven by root clock pin: store_A.row_reg[22]_P/Q (HIGH)

 There are 8 register/latch pins with no clock driven by root clock pin: store_A.row_reg[23]_C/Q (HIGH)

 There are 8 register/latch pins with no clock driven by root clock pin: store_A.row_reg[23]_LDC/Q (HIGH)

 There are 8 register/latch pins with no clock driven by root clock pin: store_A.row_reg[23]_P/Q (HIGH)

 There are 7 register/latch pins with no clock driven by root clock pin: store_A.row_reg[24]_C/Q (HIGH)

 There are 7 register/latch pins with no clock driven by root clock pin: store_A.row_reg[24]_LDC/Q (HIGH)

 There are 7 register/latch pins with no clock driven by root clock pin: store_A.row_reg[24]_P/Q (HIGH)

 There are 6 register/latch pins with no clock driven by root clock pin: store_A.row_reg[25]_C/Q (HIGH)

 There are 6 register/latch pins with no clock driven by root clock pin: store_A.row_reg[25]_LDC/Q (HIGH)

 There are 6 register/latch pins with no clock driven by root clock pin: store_A.row_reg[25]_P/Q (HIGH)

 There are 5 register/latch pins with no clock driven by root clock pin: store_A.row_reg[26]_C/Q (HIGH)

 There are 5 register/latch pins with no clock driven by root clock pin: store_A.row_reg[26]_LDC/Q (HIGH)

 There are 5 register/latch pins with no clock driven by root clock pin: store_A.row_reg[26]_P/Q (HIGH)

 There are 4 register/latch pins with no clock driven by root clock pin: store_A.row_reg[27]_C/Q (HIGH)

 There are 4 register/latch pins with no clock driven by root clock pin: store_A.row_reg[27]_LDC/Q (HIGH)

 There are 4 register/latch pins with no clock driven by root clock pin: store_A.row_reg[27]_P/Q (HIGH)

 There are 3 register/latch pins with no clock driven by root clock pin: store_A.row_reg[28]_C/Q (HIGH)

 There are 3 register/latch pins with no clock driven by root clock pin: store_A.row_reg[28]_LDC/Q (HIGH)

 There are 3 register/latch pins with no clock driven by root clock pin: store_A.row_reg[28]_P/Q (HIGH)

 There are 2 register/latch pins with no clock driven by root clock pin: store_A.row_reg[29]_C/Q (HIGH)

 There are 2 register/latch pins with no clock driven by root clock pin: store_A.row_reg[29]_LDC/Q (HIGH)

 There are 2 register/latch pins with no clock driven by root clock pin: store_A.row_reg[29]_P/Q (HIGH)

 There are 29 register/latch pins with no clock driven by root clock pin: store_A.row_reg[2]_C/Q (HIGH)

 There are 29 register/latch pins with no clock driven by root clock pin: store_A.row_reg[2]_LDC/Q (HIGH)

 There are 29 register/latch pins with no clock driven by root clock pin: store_A.row_reg[2]_P/Q (HIGH)

 There is 1 register/latch pin with no clock driven by root clock pin: store_A.row_reg[30]_C/Q (HIGH)

 There is 1 register/latch pin with no clock driven by root clock pin: store_A.row_reg[30]_LDC/Q (HIGH)

 There is 1 register/latch pin with no clock driven by root clock pin: store_A.row_reg[30]_P/Q (HIGH)

 There are 28 register/latch pins with no clock driven by root clock pin: store_A.row_reg[3]_C/Q (HIGH)

 There are 28 register/latch pins with no clock driven by root clock pin: store_A.row_reg[3]_LDC/Q (HIGH)

 There are 28 register/latch pins with no clock driven by root clock pin: store_A.row_reg[3]_P/Q (HIGH)

 There are 27 register/latch pins with no clock driven by root clock pin: store_A.row_reg[4]_C/Q (HIGH)

 There are 27 register/latch pins with no clock driven by root clock pin: store_A.row_reg[4]_LDC/Q (HIGH)

 There are 27 register/latch pins with no clock driven by root clock pin: store_A.row_reg[4]_P/Q (HIGH)

 There are 26 register/latch pins with no clock driven by root clock pin: store_A.row_reg[5]_C/Q (HIGH)

 There are 26 register/latch pins with no clock driven by root clock pin: store_A.row_reg[5]_LDC/Q (HIGH)

 There are 26 register/latch pins with no clock driven by root clock pin: store_A.row_reg[5]_P/Q (HIGH)

 There are 25 register/latch pins with no clock driven by root clock pin: store_A.row_reg[6]_C/Q (HIGH)

 There are 25 register/latch pins with no clock driven by root clock pin: store_A.row_reg[6]_LDC/Q (HIGH)

 There are 25 register/latch pins with no clock driven by root clock pin: store_A.row_reg[6]_P/Q (HIGH)

 There are 24 register/latch pins with no clock driven by root clock pin: store_A.row_reg[7]_C/Q (HIGH)

 There are 24 register/latch pins with no clock driven by root clock pin: store_A.row_reg[7]_LDC/Q (HIGH)

 There are 24 register/latch pins with no clock driven by root clock pin: store_A.row_reg[7]_P/Q (HIGH)

 There are 33 register/latch pins with no clock driven by root clock pin: store_A.row_reg[8]_C/Q (HIGH)

 There are 23 register/latch pins with no clock driven by root clock pin: store_A.row_reg[8]_LDC/Q (HIGH)

 There are 33 register/latch pins with no clock driven by root clock pin: store_A.row_reg[8]_P/Q (HIGH)

 There are 33 register/latch pins with no clock driven by root clock pin: store_A.row_reg[9]_C/Q (HIGH)

 There are 22 register/latch pins with no clock driven by root clock pin: store_A.row_reg[9]_LDC/Q (HIGH)

 There are 33 register/latch pins with no clock driven by root clock pin: store_A.row_reg[9]_P/Q (HIGH)

 There are 33 register/latch pins with no clock driven by root clock pin: store_B.i_reg[10]/Q (HIGH)

 There are 33 register/latch pins with no clock driven by root clock pin: store_B.i_reg[11]/Q (HIGH)

 There are 33 register/latch pins with no clock driven by root clock pin: store_B.i_reg[12]/Q (HIGH)

 There are 33 register/latch pins with no clock driven by root clock pin: store_B.i_reg[13]/Q (HIGH)

 There are 33 register/latch pins with no clock driven by root clock pin: store_B.i_reg[14]/Q (HIGH)

 There are 33 register/latch pins with no clock driven by root clock pin: store_B.i_reg[15]/Q (HIGH)

 There are 33 register/latch pins with no clock driven by root clock pin: store_B.i_reg[16]/Q (HIGH)

 There are 33 register/latch pins with no clock driven by root clock pin: store_B.i_reg[17]/Q (HIGH)

 There are 33 register/latch pins with no clock driven by root clock pin: store_B.i_reg[18]/Q (HIGH)

 There are 33 register/latch pins with no clock driven by root clock pin: store_B.i_reg[19]/Q (HIGH)

 There are 33 register/latch pins with no clock driven by root clock pin: store_B.i_reg[20]/Q (HIGH)

 There are 33 register/latch pins with no clock driven by root clock pin: store_B.i_reg[21]/Q (HIGH)

 There are 33 register/latch pins with no clock driven by root clock pin: store_B.i_reg[22]/Q (HIGH)

 There are 33 register/latch pins with no clock driven by root clock pin: store_B.i_reg[23]/Q (HIGH)

 There are 33 register/latch pins with no clock driven by root clock pin: store_B.i_reg[24]/Q (HIGH)

 There are 33 register/latch pins with no clock driven by root clock pin: store_B.i_reg[25]/Q (HIGH)

 There are 33 register/latch pins with no clock driven by root clock pin: store_B.i_reg[26]/Q (HIGH)

 There are 33 register/latch pins with no clock driven by root clock pin: store_B.i_reg[27]/Q (HIGH)

 There are 33 register/latch pins with no clock driven by root clock pin: store_B.i_reg[28]/Q (HIGH)

 There are 33 register/latch pins with no clock driven by root clock pin: store_B.i_reg[29]/Q (HIGH)

 There are 33 register/latch pins with no clock driven by root clock pin: store_B.i_reg[30]/Q (HIGH)

 There are 33 register/latch pins with no clock driven by root clock pin: store_B.i_reg[31]/Q (HIGH)

 There are 33 register/latch pins with no clock driven by root clock pin: store_B.i_reg[8]/Q (HIGH)

 There are 33 register/latch pins with no clock driven by root clock pin: store_B.i_reg[9]/Q (HIGH)

 There are 22 register/latch pins with no clock driven by root clock pin: store_B.j_reg[0]_LDC/Q (HIGH)

 There are 23 register/latch pins with no clock driven by root clock pin: store_B.j_reg[0]_P/Q (HIGH)

 There are 21 register/latch pins with no clock driven by root clock pin: store_B.j_reg[10]_LDC/Q (HIGH)

 There are 21 register/latch pins with no clock driven by root clock pin: store_B.j_reg[10]_P/Q (HIGH)

 There are 20 register/latch pins with no clock driven by root clock pin: store_B.j_reg[11]_LDC/Q (HIGH)

 There are 20 register/latch pins with no clock driven by root clock pin: store_B.j_reg[11]_P/Q (HIGH)

 There are 19 register/latch pins with no clock driven by root clock pin: store_B.j_reg[12]_LDC/Q (HIGH)

 There are 19 register/latch pins with no clock driven by root clock pin: store_B.j_reg[12]_P/Q (HIGH)

 There are 18 register/latch pins with no clock driven by root clock pin: store_B.j_reg[13]_LDC/Q (HIGH)

 There are 18 register/latch pins with no clock driven by root clock pin: store_B.j_reg[13]_P/Q (HIGH)

 There are 17 register/latch pins with no clock driven by root clock pin: store_B.j_reg[14]_LDC/Q (HIGH)

 There are 17 register/latch pins with no clock driven by root clock pin: store_B.j_reg[14]_P/Q (HIGH)

 There are 16 register/latch pins with no clock driven by root clock pin: store_B.j_reg[15]_LDC/Q (HIGH)

 There are 16 register/latch pins with no clock driven by root clock pin: store_B.j_reg[15]_P/Q (HIGH)

 There are 15 register/latch pins with no clock driven by root clock pin: store_B.j_reg[16]_LDC/Q (HIGH)

 There are 15 register/latch pins with no clock driven by root clock pin: store_B.j_reg[16]_P/Q (HIGH)

 There are 14 register/latch pins with no clock driven by root clock pin: store_B.j_reg[17]_LDC/Q (HIGH)

 There are 14 register/latch pins with no clock driven by root clock pin: store_B.j_reg[17]_P/Q (HIGH)

 There are 13 register/latch pins with no clock driven by root clock pin: store_B.j_reg[18]_LDC/Q (HIGH)

 There are 13 register/latch pins with no clock driven by root clock pin: store_B.j_reg[18]_P/Q (HIGH)

 There are 12 register/latch pins with no clock driven by root clock pin: store_B.j_reg[19]_LDC/Q (HIGH)

 There are 12 register/latch pins with no clock driven by root clock pin: store_B.j_reg[19]_P/Q (HIGH)

 There are 22 register/latch pins with no clock driven by root clock pin: store_B.j_reg[1]_LDC/Q (HIGH)

 There are 22 register/latch pins with no clock driven by root clock pin: store_B.j_reg[1]_P/Q (HIGH)

 There are 11 register/latch pins with no clock driven by root clock pin: store_B.j_reg[20]_LDC/Q (HIGH)

 There are 11 register/latch pins with no clock driven by root clock pin: store_B.j_reg[20]_P/Q (HIGH)

 There are 10 register/latch pins with no clock driven by root clock pin: store_B.j_reg[21]_LDC/Q (HIGH)

 There are 10 register/latch pins with no clock driven by root clock pin: store_B.j_reg[21]_P/Q (HIGH)

 There are 9 register/latch pins with no clock driven by root clock pin: store_B.j_reg[22]_LDC/Q (HIGH)

 There are 9 register/latch pins with no clock driven by root clock pin: store_B.j_reg[22]_P/Q (HIGH)

 There are 8 register/latch pins with no clock driven by root clock pin: store_B.j_reg[23]_LDC/Q (HIGH)

 There are 8 register/latch pins with no clock driven by root clock pin: store_B.j_reg[23]_P/Q (HIGH)

 There are 7 register/latch pins with no clock driven by root clock pin: store_B.j_reg[24]_LDC/Q (HIGH)

 There are 7 register/latch pins with no clock driven by root clock pin: store_B.j_reg[24]_P/Q (HIGH)

 There are 6 register/latch pins with no clock driven by root clock pin: store_B.j_reg[25]_LDC/Q (HIGH)

 There are 6 register/latch pins with no clock driven by root clock pin: store_B.j_reg[25]_P/Q (HIGH)

 There are 5 register/latch pins with no clock driven by root clock pin: store_B.j_reg[26]_LDC/Q (HIGH)

 There are 5 register/latch pins with no clock driven by root clock pin: store_B.j_reg[26]_P/Q (HIGH)

 There are 4 register/latch pins with no clock driven by root clock pin: store_B.j_reg[27]_LDC/Q (HIGH)

 There are 4 register/latch pins with no clock driven by root clock pin: store_B.j_reg[27]_P/Q (HIGH)

 There are 3 register/latch pins with no clock driven by root clock pin: store_B.j_reg[28]_LDC/Q (HIGH)

 There are 3 register/latch pins with no clock driven by root clock pin: store_B.j_reg[28]_P/Q (HIGH)

 There are 2 register/latch pins with no clock driven by root clock pin: store_B.j_reg[29]_LDC/Q (HIGH)

 There are 2 register/latch pins with no clock driven by root clock pin: store_B.j_reg[29]_P/Q (HIGH)

 There are 22 register/latch pins with no clock driven by root clock pin: store_B.j_reg[2]_LDC/Q (HIGH)

 There are 22 register/latch pins with no clock driven by root clock pin: store_B.j_reg[2]_P/Q (HIGH)

 There is 1 register/latch pin with no clock driven by root clock pin: store_B.j_reg[30]_LDC/Q (HIGH)

 There is 1 register/latch pin with no clock driven by root clock pin: store_B.j_reg[30]_P/Q (HIGH)

 There are 22 register/latch pins with no clock driven by root clock pin: store_B.j_reg[3]_LDC/Q (HIGH)

 There are 22 register/latch pins with no clock driven by root clock pin: store_B.j_reg[3]_P/Q (HIGH)

 There are 22 register/latch pins with no clock driven by root clock pin: store_B.j_reg[4]_LDC/Q (HIGH)

 There are 22 register/latch pins with no clock driven by root clock pin: store_B.j_reg[4]_P/Q (HIGH)

 There are 22 register/latch pins with no clock driven by root clock pin: store_B.j_reg[5]_LDC/Q (HIGH)

 There are 22 register/latch pins with no clock driven by root clock pin: store_B.j_reg[5]_P/Q (HIGH)

 There are 22 register/latch pins with no clock driven by root clock pin: store_B.j_reg[6]_LDC/Q (HIGH)

 There are 22 register/latch pins with no clock driven by root clock pin: store_B.j_reg[6]_P/Q (HIGH)

 There are 22 register/latch pins with no clock driven by root clock pin: store_B.j_reg[7]_LDC/Q (HIGH)

 There are 22 register/latch pins with no clock driven by root clock pin: store_B.j_reg[7]_P/Q (HIGH)

 There are 22 register/latch pins with no clock driven by root clock pin: store_B.j_reg[8]_LDC/Q (HIGH)

 There are 32 register/latch pins with no clock driven by root clock pin: store_B.j_reg[8]_P/Q (HIGH)

 There are 22 register/latch pins with no clock driven by root clock pin: store_B.j_reg[9]_LDC/Q (HIGH)

 There are 32 register/latch pins with no clock driven by root clock pin: store_B.j_reg[9]_P/Q (HIGH)


2. checking constant_clock (0)
------------------------------
 There are 0 register/latch pins with constant_clock.


3. checking pulse_width_clock (0)
---------------------------------
 There are 0 register/latch pins which need pulse_width check


4. checking unconstrained_internal_endpoints (1967)
---------------------------------------------------
 There are 1967 pins that are not constrained for maximum delay. (HIGH)

 There are 0 pins that are not constrained for maximum delay due to constant clock.


5. checking no_input_delay (2)
------------------------------
 There are 2 input ports with no input delay specified. (HIGH)

 There are 0 input ports with no input delay but user has a false path constraint.


6. checking no_output_delay (29)
--------------------------------
 There are 29 ports with no output delay specified. (HIGH)

 There are 0 ports with no output delay but user has a false path constraint

 There are 0 ports with no output delay but with a timing clock defined on it or propagating through it


7. checking multiple_clock (0)
------------------------------
 There are 0 register/latch pins with multiple clocks.


8. checking generated_clocks (0)
--------------------------------
 There are 0 generated clocks that are not connected to a clock source.


9. checking loops (0)
---------------------
 There are 0 combinational loops in the design.


10. checking partial_input_delay (0)
------------------------------------
 There are 0 input ports with partial input delay specified.


11. checking partial_output_delay (0)
-------------------------------------
 There are 0 ports with partial output delay specified.


12. checking latch_loops (2)
----------------------------
 There are 2 combinational latch loops in the design through latch input (HIGH)



------------------------------------------------------------------------------------------------
| Design Timing Summary
| ---------------------
------------------------------------------------------------------------------------------------

    WNS(ns)      TNS(ns)  TNS Failing Endpoints  TNS Total Endpoints      WHS(ns)      THS(ns)  THS Failing Endpoints  THS Total Endpoints     WPWS(ns)     TPWS(ns)  TPWS Failing Endpoints  TPWS Total Endpoints  
    -------      -------  ---------------------  -------------------      -------      -------  ---------------------  -------------------     --------     --------  ----------------------  --------------------  
         NA           NA                     NA                   NA           NA           NA                     NA                   NA           NA           NA                      NA                    NA  


There are no user specified timing constraints.


------------------------------------------------------------------------------------------------
| Clock Summary
| -------------
------------------------------------------------------------------------------------------------


------------------------------------------------------------------------------------------------
| Intra Clock Table
| -----------------
------------------------------------------------------------------------------------------------

Clock             WNS(ns)      TNS(ns)  TNS Failing Endpoints  TNS Total Endpoints      WHS(ns)      THS(ns)  THS Failing Endpoints  THS Total Endpoints     WPWS(ns)     TPWS(ns)  TPWS Failing Endpoints  TPWS Total Endpoints  
-----             -------      -------  ---------------------  -------------------      -------      -------  ---------------------  -------------------     --------     --------  ----------------------  --------------------  


------------------------------------------------------------------------------------------------
| Inter Clock Table
| -----------------
------------------------------------------------------------------------------------------------

From Clock    To Clock          WNS(ns)      TNS(ns)  TNS Failing Endpoints  TNS Total Endpoints      WHS(ns)      THS(ns)  THS Failing Endpoints  THS Total Endpoints  
----------    --------          -------      -------  ---------------------  -------------------      -------      -------  ---------------------  -------------------  


------------------------------------------------------------------------------------------------
| Other Path Groups Table
| -----------------------
------------------------------------------------------------------------------------------------

Path Group    From Clock    To Clock          WNS(ns)      TNS(ns)  TNS Failing Endpoints  TNS Total Endpoints      WHS(ns)      THS(ns)  THS Failing Endpoints  THS Total Endpoints  
----------    ----------    --------          -------      -------  ---------------------  -------------------      -------      -------  ---------------------  -------------------  


------------------------------------------------------------------------------------------------
| Timing Details
| --------------
------------------------------------------------------------------------------------------------


